[2026-09-12T11:28:21.160Z] [INFO] WebSocket client connected
[2026-09-13T00:00:00.053Z] [INFO] Executing task: Consolidate old memory
[2026-09-13T00:00:00.060Z] [INFO] Task Consolidate old memory completed in 5ms
[2026-09-13T22:00:00.028Z] [INFO] Executing task: Full anatomy rescan
[2026-09-13T22:00:00.938Z] [INFO] Task Full anatomy rescan completed in 908ms
[2026-09-13T22:00:00.956Z] [INFO] Executing task: Token audit report
[2026-09-13T22:00:00.967Z] [INFO] Task Token audit report completed in 10ms
[2026-09-14T10:00:00.019Z] [INFO] Executing task: Full anatomy rescan
[2026-09-14T10:00:00.308Z] [INFO] Task Full anatomy rescan completed in 289ms
[2026-09-16T10:00:00.149Z] [INFO] Executing task: Full anatomy rescan
[2026-09-16T10:00:00.555Z] [INFO] Task Full anatomy rescan completed in 405ms
[2026-09-21T10:00:00.016Z] [INFO] Executing task: Full anatomy rescan
[2026-09-21T10:00:00.383Z] [INFO] Task Full anatomy rescan completed in 366ms
[2026-09-22T10:00:00.069Z] [INFO] Executing task: Full anatomy rescan
[2026-09-22T10:00:00.435Z] [INFO] Task Full anatomy rescan completed in 366ms
[2026-09-24T10:00:00.018Z] [INFO] Executing task: Full anatomy rescan
[2026-09-24T10:00:00.478Z] [INFO] Task Full anatomy rescan completed in 459ms
[2026-09-24T22:00:00.066Z] [INFO] Executing task: Full anatomy rescan
[2026-09-24T22:00:00.506Z] [INFO] Task Full anatomy rescan completed in 439ms
[2026-09-25T10:00:00.052Z] [INFO] Executing task: Full anatomy rescan
[2026-09-25T10:00:00.356Z] [INFO] Task Full anatomy rescan completed in 303ms
[2026-09-27T13:50:36.255Z] [INFO] Daemon shutting down...
[2026-09-27T13:50:36.263Z] [INFO] Daemon stopped
[2026-09-27T13:51:38.106Z] [INFO] Daemon shutting down...
[2026-09-27T13:51:38.136Z] [INFO] Daemon stopped
